AREA .  .ABS.
	RADIX HEX
	BASE 0000
	SIZE 0000
	ATTRIB ABS OVR
	GLOBALS
		l__HEAP	0000
		l__BSEG	0000
		l_.  .ABS.	0000
		l__GSFINAL	0000
		l__ISEG	0000
		s_.  .ABS.	0000
		s__HEADER	0000
		l__XSEG	0000
		.init	0000
		l__OVERLAY	0000
		l__LIT	0000
		s__SFR	0000
		l__GSINITTAIL	0001
		l__BSS	0059
		l__HOME	01AC
		l__HEADER	01E1
		l__DATA	01EF
		l__BASE	01EF
		s__CODE	0200
		l__CODE	02F1
		s__HOME	04F1
		s__BASE	069D
		s__LIT	088C
		s__GSINIT	088C
		l__GSINIT	0B75
		s__GSINITTAIL	1401
		s__GSFINAL	1402
		.OAM	C000
		s__DATA	C0A0
		s__BSS	C28F
		s__HEAP	C2E8
		s__BSEG	C2E8
		s__ISEG	C2E8
		s__XSEG	C2E8
		s__OVERLAY	C2E8
		.STACK	E000
		.refresh_OAM	FF80
		l__SFR	10000
AREA _CODE
	RADIX HEX
	BASE 0200
	SIZE 02F1
	ATTRIB REL CON
	GLOBALS
		_main	0200
		_LoadData_Trainer	0219
		_LoadData_TestBKG	02B7
		_Input	02E2
		_scrollBKG	04CF
AREA _HEADER
	RADIX HEX
	BASE 0000
	SIZE 01E1
	ATTRIB ABS OVR
	GLOBALS
		_exit	01D2
AREA _HOME
	RADIX HEX
	BASE 04F1
	SIZE 01AC
	ATTRIB REL CON
	GLOBALS
		.set_mode	04F1
		.remove_VBL	0501
		.remove_LCD	0507
		.remove_TIM	050D
		.remove_SIO	0513
		.remove_JOY	0519
		.add_VBL	051F
		.add_LCD	0525
		.add_TIM	052B
		.add_SIO	0531
		.add_JOY	0537
		.remove_int	053D
		.add_int	055D
		.wait_vbl_done	0579
		_wait_vbl_done	0579
		_display_off	0590
		.display_off	0590
		.serial_IO	05B1
		_mode	05E0
		_get_mode	05E9
		_enable_interrupts	05EE
		_disable_interrupts	05F0
		_reset	05F2
		.reset	05F2
		_set_interrupts	05F8
		_remove_VBL	0603
		_remove_LCD	060E
		_remove_TIM	0619
		_remove_SIO	0624
		_remove_JOY	062F
		_add_VBL	063A
		_add_LCD	0645
		_add_TIM	0650
		_add_SIO	065B
		_add_JOY	0666
		_clock	0671
		__printTStates	067A
		banked_call	067B
		banked_ret	0694
AREA _BASE
	RADIX HEX
	BASE 069D
	SIZE 01EF
	ATTRIB REL CON
	GLOBALS
		_scroll_bkg	069D
		.mv_sprite	06B3
		_move_sprite	06C2
		__mulschar	06CF
		__muluchar	06CF
		__mulsint	06DB
		__muluint	06DB
		.mulu16	06EF
		.mul16	06EF
		_set_win_data	0705
		_set_bkg_data	0705
		_set_sprite_data	0752
		.padup	0781
		_waitpadup	0781
		.jpad	0791
		.wait_pad	07BE
		_joypad	07C5
		_waitpad	07CA
		.set_sprite_tile	07D4
		_set_sprite_tile	07E1
		.copy_vram	07EC
		_get_data	07FB
		_set_data	07FB
		_set_bkg_tiles	080E
		.set_xy_wtt	0822
		.set_xy_btt	0833
		.set_xy_tt	0842
		_set_tiles	0873
AREA _LIT
	RADIX HEX
	BASE 088C
	SIZE 0000
	ATTRIB REL CON
AREA _GSINIT
	RADIX HEX
	BASE 088C
	SIZE 0B75
	ATTRIB REL CON
	GLOBALS
		gsinit	088C
AREA _GSINITTAIL
	RADIX HEX
	BASE 1401
	SIZE 0001
	ATTRIB REL CON
AREA _GSFINAL
	RADIX HEX
	BASE 1402
	SIZE 0000
	ATTRIB REL CON
AREA _DATA
	RADIX HEX
	BASE C0A0
	SIZE 01EF
	ATTRIB REL CON
	GLOBALS
		_trainerTiles	C0A0
		_insideFloor	C0E0
		_testBKG	C120
		_trainer	C288
		_isMove	C28C
		_dirX	C28D
		_dirY	C28E
AREA _BSS
	RADIX HEX
	BASE C28F
	SIZE 0059
	ATTRIB REL CON
	GLOBALS
		__cpu	C28F
		.mode	C290
		__io_out	C291
		__io_in	C292
		__io_status	C293
		.vbl_done	C294
		__current_bank	C295
		_sys_time	C296
		.sys_time	C296
		.int_0x40	C298
		.int_0x48	C2A8
		.int_0x50	C2B8
		.int_0x58	C2C8
		.int_0x60	C2D8
AREA _HEAP
	RADIX HEX
	BASE C2E8
	SIZE 0000
	ATTRIB REL CON
	GLOBALS
		_malloc_heap_start	C2E8
AREA _OVERLAY
	RADIX HEX
	BASE C2E8
	SIZE 0000
	ATTRIB REL CON
AREA _ISEG
	RADIX HEX
	BASE C2E8
	SIZE 0000
	ATTRIB REL CON
AREA _BSEG
	RADIX HEX
	BASE C2E8
	SIZE 0000
	ATTRIB REL CON
AREA _XSEG
	RADIX HEX
	BASE C2E8
	SIZE 0000
	ATTRIB REL CON
AREA _SFR
	RADIX HEX
	BASE 0000
	SIZE 10000
	ATTRIB ABS OVR
	GLOBALS
		_P1_REG	FF00
		_SB_REG	FF01
		_SC_REG	FF02
		_DIV_REG	FF04
		_TIMA_REG	FF05
		_TMA_REG	FF06
		_TAC_REG	FF07
		_IF_REG	FF0F
		_NR10_REG	FF10
		_NR11_REG	FF11
		_NR12_REG	FF12
		_NR13_REG	FF13
		_NR14_REG	FF14
		_NR21_REG	FF16
		_NR22_REG	FF17
		_NR23_REG	FF18
		_NR24_REG	FF19
		_NR30_REG	FF1A
		_NR31_REG	FF1B
		_NR32_REG	FF1C
		_NR33_REG	FF1D
		_NR34_REG	FF1E
		_NR41_REG	FF20
		_NR42_REG	FF21
		_NR43_REG	FF22
		_NR44_REG	FF23
		_NR50_REG	FF24
		_NR51_REG	FF25
		_NR52_REG	FF26
		_LCDC_REG	FF40
		_STAT_REG	FF41
		_SCY_REG	FF42
		_SCX_REG	FF43
		_LY_REG	FF44
		_LYC_REG	FF45
		_DMA_REG	FF46
		_BGP_REG	FF47
		_OBP0_REG	FF48
		_OBP1_REG	FF49
		_WY_REG	FF4A
		_WX_REG	FF4B
		_KEY1_REG	FF4D
		_VBK_REG	FF4F
		_HDMA1_REG	FF51
		_HDMA2_REG	FF52
		_HDMA3_REG	FF53
		_HDMA4_REG	FF54
		_HDMA5_REG	FF55
		_RP_REG	FF56
		_BCPS_REG	FF68
		_BCPD_REG	FF69
		_OCPS_REG	FF6A
		_OCPD_REG	FF6B
		_SVBK_REG	FF70
		_IE_REG	FFFF
MODULES
	FILE c:\gbdk\lib/small/asxxxx/gb/crt0.o
		NAME Runtime
	FILE main.o
		NAME lcc9360
LIBRARIES
	LIBRARY c:\gbdk\lib/small/asxxxx/gb/gb.lib
		MODULE sfr.o
	LIBRARY c:\gbdk\lib/small/asxxxx/gb/gb.lib
		MODULE scroll_b.o
	LIBRARY c:\gbdk\lib/small/asxxxx/gb/gb.lib
		MODULE mv_spr.o
	LIBRARY c:\gbdk\lib/small/asxxxx/gbz80/gbz80.lib
		MODULE mul.o
	LIBRARY c:\gbdk\lib/small/asxxxx/gb/gb.lib
		MODULE set_data.o
	LIBRARY c:\gbdk\lib/small/asxxxx/gb/gb.lib
		MODULE pad.o
	LIBRARY c:\gbdk\lib/small/asxxxx/gb/gb.lib
		MODULE set_spr.o
	LIBRARY c:\gbdk\lib/small/asxxxx/gb/gb.lib
		MODULE cpy_data.o
	LIBRARY c:\gbdk\lib/small/asxxxx/gb/gb.lib
		MODULE set_bk_t.o
	LIBRARY c:\gbdk\lib/small/asxxxx/gb/gb.lib
		MODULE set_xy_t.o
USERBASEDEF
	_CODE=0x0200
	_DATA=0xC0A0
	_CODE_1=0x4000
USERGLOBALDEF
	.OAM=0xC000
	.STACK=0xE000
	.refresh_OAM=0xFF80
	.init=0x0000
